CRITICAL - 2026-05-19 12:16:10 --> ErrorException: Undefined variable $daftar_list
[Method: GET, Route: daftar]
in APPPATH\Views\daftar\tabel.php on line 8.
 1 APPPATH\Views\daftar\tabel.php(8): CodeIgniter\Debug\Exceptions->errorHandler(2, 'Undefined variable $daftar_list', 'C:\\xampp\\htdocs\\UASPW\\app\\Views\\daftar\\tabel.php', 8)
 2 SYSTEMPATH\View\View.php(238): include('C:\\xampp\\htdocs\\UASPW\\app\\Views\\daftar\\tabel.php')
 3 SYSTEMPATH\View\View.php(241): CodeIgniter\View\View->CodeIgniter\View\{closure}()
 4 SYSTEMPATH\View\View.php(487): CodeIgniter\View\View->render('daftar/tabel', [...], true)
 5 APPPATH\Views\daftar\index.php(18): CodeIgniter\View\View->include('daftar/tabel', [...])
 6 SYSTEMPATH\View\View.php(238): include('C:\\xampp\\htdocs\\UASPW\\app\\Views\\daftar\\index.php')
 7 SYSTEMPATH\View\View.php(241): CodeIgniter\View\View->CodeIgniter\View\{closure}()
 8 SYSTEMPATH\Common.php(1250): CodeIgniter\View\View->render('daftar/index', [], true)
 9 APPPATH\Controllers\Daftar.php(29): view('daftar/index', [...])
10 SYSTEMPATH\CodeIgniter.php(951): App\Controllers\Daftar->index()
11 SYSTEMPATH\CodeIgniter.php(497): CodeIgniter\CodeIgniter->runController(Object(App\Controllers\Daftar))
12 SYSTEMPATH\CodeIgniter.php(340): CodeIgniter\CodeIgniter->handleRequest(null, Object(Config\Cache), false)
13 SYSTEMPATH\Boot.php(417): CodeIgniter\CodeIgniter->run()
14 SYSTEMPATH\Boot.php(68): CodeIgniter\Boot::runCodeIgniter(Object(CodeIgniter\CodeIgniter))
15 FCPATH\index.php(59): CodeIgniter\Boot::bootWeb(Object(Config\Paths))
CRITICAL - 2026-05-19 12:16:22 --> ErrorException: Undefined variable $daftar_list
[Method: GET, Route: daftar]
in APPPATH\Views\daftar\tabel.php on line 8.
 1 APPPATH\Views\daftar\tabel.php(8): CodeIgniter\Debug\Exceptions->errorHandler(2, 'Undefined variable $daftar_list', 'C:\\xampp\\htdocs\\UASPW\\app\\Views\\daftar\\tabel.php', 8)
 2 SYSTEMPATH\View\View.php(238): include('C:\\xampp\\htdocs\\UASPW\\app\\Views\\daftar\\tabel.php')
 3 SYSTEMPATH\View\View.php(241): CodeIgniter\View\View->CodeIgniter\View\{closure}()
 4 SYSTEMPATH\View\View.php(487): CodeIgniter\View\View->render('daftar/tabel', [...], true)
 5 APPPATH\Views\daftar\index.php(18): CodeIgniter\View\View->include('daftar/tabel', [...])
 6 SYSTEMPATH\View\View.php(238): include('C:\\xampp\\htdocs\\UASPW\\app\\Views\\daftar\\index.php')
 7 SYSTEMPATH\View\View.php(241): CodeIgniter\View\View->CodeIgniter\View\{closure}()
 8 SYSTEMPATH\Common.php(1250): CodeIgniter\View\View->render('daftar/index', [], true)
 9 APPPATH\Controllers\Daftar.php(29): view('daftar/index', [...])
10 SYSTEMPATH\CodeIgniter.php(951): App\Controllers\Daftar->index()
11 SYSTEMPATH\CodeIgniter.php(497): CodeIgniter\CodeIgniter->runController(Object(App\Controllers\Daftar))
12 SYSTEMPATH\CodeIgniter.php(340): CodeIgniter\CodeIgniter->handleRequest(null, Object(Config\Cache), false)
13 SYSTEMPATH\Boot.php(417): CodeIgniter\CodeIgniter->run()
14 SYSTEMPATH\Boot.php(68): CodeIgniter\Boot::runCodeIgniter(Object(CodeIgniter\CodeIgniter))
15 FCPATH\index.php(59): CodeIgniter\Boot::bootWeb(Object(Config\Paths))
